
> md-manager@0.0.0 test:contracts
> tsx --test contracts/workflow/contract.test.ts contracts/projects/contract.test.ts

✔ project examples and generated schemas agree (62.124118ms)
✔ rejects cyclic, dangling and duplicate graph nodes (3.704237ms)
✔ rejects cross-project, cross-workflow and stale-definition run detail (6.950248ms)
✔ rejects inconsistent snapshot identity, status, graph and timestamps (3.709524ms)
✔ project identifiers are opaque keys, never filesystem paths (4.756549ms)
✔ all examples conform and generated JSON schemas are current (52.165065ms)
✔ rejects mismatched bases, shared worktrees, duplicate IDs and excess workers (8.631124ms)
✔ requires join evidence fields, durable output and referenced logs (2.376497ms)
✔ rejects unknown versions, fields, invalid attempts and unsafe file paths (3.558895ms)
✔ records unsuccessful checks without pretending that worker completion is acceptance (0.852883ms)
ℹ tests 10
ℹ suites 0
ℹ pass 10
ℹ fail 0
ℹ cancelled 0
ℹ skipped 0
ℹ todo 0
ℹ duration_ms 1117.606191
