
> md-manager@0.0.0 test:contracts
> tsx --test contracts/workflow/contract.test.ts contracts/projects/contract.test.ts

✔ project examples and generated schemas agree (20.056002ms)
✔ rejects cyclic, dangling and duplicate graph nodes (1.143382ms)
✔ rejects cross-project, cross-workflow and stale-definition run detail (1.400482ms)
✔ rejects inconsistent snapshot identity, status, graph and timestamps (3.274049ms)
✔ project identifiers are opaque keys, never filesystem paths (1.743956ms)
✔ all examples conform and generated JSON schemas are current (30.995792ms)
✔ rejects mismatched bases, shared worktrees, duplicate IDs and excess workers (6.968438ms)
✔ requires join evidence fields, durable output and referenced logs (1.243007ms)
✔ rejects unknown versions, fields, invalid attempts and unsafe file paths (1.671635ms)
✔ records unsuccessful checks without pretending that worker completion is acceptance (0.668386ms)
ℹ tests 10
ℹ suites 0
ℹ pass 10
ℹ fail 0
ℹ cancelled 0
ℹ skipped 0
ℹ todo 0
ℹ duration_ms 678.456351
