
> md-manager@0.0.0 test:contracts
> tsx --test contracts/workflow/contract.test.ts contracts/projects/contract.test.ts

✔ project examples and generated schemas agree (61.806432ms)
✔ rejects cyclic, dangling and duplicate graph nodes (2.05736ms)
✔ rejects cross-project, cross-workflow and stale-definition run detail (4.778077ms)
✔ rejects inconsistent snapshot identity, status, graph and timestamps (6.256861ms)
✔ project identifiers are opaque keys, never filesystem paths (5.579889ms)
✔ review results: legacy findings without links, blocked verdicts, and the blocking rule (8.332527ms)
✔ review results 1.4.0: every reviewer is listed, findings are tagged by reviewer, and approval is unanimous (21.506126ms)
✔ review findings name any configured lane, multiple, none or the legacy both (3.851704ms)
✔ review results reject unknown fields, non-patch diffs, foreign lanes and links without a quote (12.951266ms)
✔ run inputs: manual runs, absent receipts and truncated text are valid; contradictions are not (27.521378ms)
✔ all examples conform and generated JSON schemas are current (50.298251ms)
✔ rejects mismatched bases, shared worktrees, duplicate IDs and excess workers (3.423587ms)
✔ requires join evidence fields, durable output and referenced logs (2.617336ms)
✔ rejects unknown versions, fields, invalid attempts and unsafe file paths (3.363016ms)
✔ records unsuccessful checks without pretending that worker completion is acceptance (0.845264ms)
✔ verification policy 1.2.0 declares lanes from configuration; 1.0.0 and 1.1.0 stay accepted with role-derived kinds (3.067298ms)
✔ feature file 2.0.0 declares every lane with its task file; 2.1.0 adds the reviewers and their briefs (12.141736ms)
✔ review completion 1.2.0 binds a file to one reviewer node and attributes findings to a lane id, multiple or none, never both (7.511718ms)
ℹ tests 18
ℹ suites 0
ℹ pass 18
ℹ fail 0
ℹ cancelled 0
ℹ skipped 0
ℹ todo 0
ℹ duration_ms 951.973827
