
> md-manager@0.0.0 test:contracts
> tsx --test contracts/workflow/contract.test.ts contracts/projects/contract.test.ts

✔ project examples and generated schemas agree (46.853318ms)
✔ rejects cyclic, dangling and duplicate graph nodes (0.981086ms)
✔ rejects cross-project, cross-workflow and stale-definition run detail (1.894557ms)
✔ rejects inconsistent snapshot identity, status, graph and timestamps (2.703314ms)
✔ project identifiers are opaque keys, never filesystem paths (2.136474ms)
✔ review results: legacy findings without links, blocked verdicts, and the blocking rule (1.840457ms)
✔ review findings name any configured lane, multiple, none or the legacy both (1.151106ms)
✔ review results reject unknown fields, non-patch diffs, foreign lanes and links without a quote (5.73483ms)
✔ run inputs: manual runs, absent receipts and truncated text are valid; contradictions are not (20.673036ms)
✔ all examples conform and generated JSON schemas are current (37.122406ms)
✔ rejects mismatched bases, shared worktrees, duplicate IDs and excess workers (2.796878ms)
✔ requires join evidence fields, durable output and referenced logs (1.609306ms)
✔ rejects unknown versions, fields, invalid attempts and unsafe file paths (2.370254ms)
✔ records unsuccessful checks without pretending that worker completion is acceptance (0.75246ms)
✔ verification policy 1.2.0 declares lanes from configuration; 1.0.0 and 1.1.0 stay accepted with role-derived kinds (2.56329ms)
✔ feature file 2.0.0 declares every lane with its task file (6.659043ms)
✔ review completion 1.1.0 attributes a finding to a lane id, multiple or none, never both (8.440451ms)
ℹ tests 17
ℹ suites 0
ℹ pass 17
ℹ fail 0
ℹ cancelled 0
ℹ skipped 0
ℹ todo 0
ℹ duration_ms 775.776696
