
> md-manager@0.0.0 test:contracts
> tsx --test contracts/workflow/contract.test.ts contracts/projects/contract.test.ts

✔ project examples and generated schemas agree (18.710084ms)
✔ rejects cyclic, dangling and duplicate graph nodes (0.955439ms)
✔ rejects cross-project, cross-workflow and stale-definition run detail (1.145301ms)
✔ rejects inconsistent snapshot identity, status, graph and timestamps (1.723092ms)
✔ project identifiers are opaque keys, never filesystem paths (1.363991ms)
✔ all examples conform and generated JSON schemas are current (22.407003ms)
✔ rejects mismatched bases, shared worktrees, duplicate IDs and excess workers (4.698972ms)
✔ requires join evidence fields, durable output and referenced logs (1.912006ms)
✔ rejects unknown versions, fields, invalid attempts and unsafe file paths (2.341397ms)
✔ records unsuccessful checks without pretending that worker completion is acceptance (0.595996ms)
ℹ tests 10
ℹ suites 0
ℹ pass 10
ℹ fail 0
ℹ cancelled 0
ℹ skipped 0
ℹ todo 0
ℹ duration_ms 568.003675
