
> md-manager@0.0.0 test:contracts
> tsx --test contracts/workflow/contract.test.ts contracts/projects/contract.test.ts

✔ project examples and generated schemas agree (51.04422ms)
✔ rejects cyclic, dangling and duplicate graph nodes (1.151134ms)
✔ rejects cross-project, cross-workflow and stale-definition run detail (1.578512ms)
✔ rejects inconsistent snapshot identity, status, graph and timestamps (2.557429ms)
✔ project identifiers are opaque keys, never filesystem paths (1.59299ms)
✔ review results: legacy findings without links, blocked verdicts, and the blocking rule (1.619647ms)
✔ review findings name any configured lane, multiple, none or the legacy both (1.141389ms)
✔ review results reject unknown fields, non-patch diffs, foreign lanes and links without a quote (5.063403ms)
✔ run inputs: manual runs, absent receipts and truncated text are valid; contradictions are not (14.785651ms)
✔ all examples conform and generated JSON schemas are current (34.549423ms)
✔ rejects mismatched bases, shared worktrees, duplicate IDs and excess workers (3.106608ms)
✔ requires join evidence fields, durable output and referenced logs (1.97349ms)
✔ rejects unknown versions, fields, invalid attempts and unsafe file paths (2.715095ms)
✔ records unsuccessful checks without pretending that worker completion is acceptance (0.799075ms)
✔ verification policy 1.2.0 declares lanes from configuration; 1.0.0 and 1.1.0 stay accepted with role-derived kinds (2.581076ms)
✔ feature file 2.0.0 declares every lane with its task file (6.605338ms)
✔ review completion 1.1.0 attributes a finding to a lane id, multiple or none, never both (9.557007ms)
ℹ tests 17
ℹ suites 0
ℹ pass 17
ℹ fail 0
ℹ cancelled 0
ℹ skipped 0
ℹ todo 0
ℹ duration_ms 754.173879
