
> md-manager@0.0.0 test:contracts
> tsx --test contracts/workflow/contract.test.ts contracts/projects/contract.test.ts

✔ project examples and generated schemas agree (77.920039ms)
✔ rejects cyclic, dangling and duplicate graph nodes (1.579946ms)
✔ rejects cross-project, cross-workflow and stale-definition run detail (2.00005ms)
✔ rejects inconsistent snapshot identity, status, graph and timestamps (2.59697ms)
✔ project identifiers are opaque keys, never filesystem paths (2.241354ms)
✔ review results: legacy findings without links, blocked verdicts, and the blocking rule (3.105847ms)
✔ review results 1.4.0: every reviewer is listed, findings are tagged by reviewer, and approval is unanimous (10.713762ms)
✔ review findings name any configured lane, multiple, none or the legacy both (6.992721ms)
✔ review results reject unknown fields, non-patch diffs, foreign lanes and links without a quote (7.087769ms)
✔ served worker results carry captured files and uncaptured reasons; results recorded without them stay valid (6.130802ms)
✔ run inputs: manual runs, absent receipts and truncated text are valid; contradictions are not (35.858343ms)
✔ [scenario:export-seam] inputs 1.4.0 serve decisions, the challenge, completion evidence and questions; older runs serve nulls and [] (16.074628ms)
✔ all examples conform and generated JSON schemas are current (33.987652ms)
✔ rejects mismatched bases, shared worktrees, duplicate IDs and excess workers (2.540016ms)
✔ requires join evidence fields, durable output and referenced logs (2.940353ms)
✔ rejects unknown versions, fields, invalid attempts and unsafe file paths (3.031222ms)
✔ captured files: a file artifact carries a safe repo-relative path; older results without them stay valid (4.546508ms)
✔ records unsuccessful checks without pretending that worker completion is acceptance (0.493835ms)
✔ verification policy 1.2.0 declares lanes from configuration; 1.0.0 and 1.1.0 stay accepted with role-derived kinds (1.934039ms)
✔ feature file 2.0.0 declares every lane with its task file; 2.1.0 adds the reviewers and their briefs (13.216404ms)
✔ review completion 1.2.0 binds a file to one reviewer node and attributes findings to a lane id, multiple or none, never both (10.690574ms)
✔ registry-entry: the golden entry a live launch writes parses with the server registry schema (8.996692ms)
ℹ tests 22
ℹ suites 0
ℹ pass 22
ℹ fail 0
ℹ cancelled 0
ℹ skipped 0
ℹ todo 0
ℹ duration_ms 1024.817807
