Switched to a new branch 'feature/automatic-test'
.Switched to a new branch 'feature/automatic-test'
.Switched to a new branch 'feature/automatic-test'
.Switched to a new branch 'feature/automatic-test'
.Switched to a new branch 'feature/automatic-test'
.Switched to a new branch 'feature/automatic-test'
.Switched to a new branch 'feature/automatic-test'
.Switched to a new branch 'feature/automatic-test'
.Switched to a new branch 'feature/automatic-test'
.Switched to a new branch 'feature/automatic-test'
..............Switched to a new branch 'feature/automatic-test'
.Switched to a new branch 'feature/automatic-test'
.Switched to a new branch 'feature/automatic-test'
.Switched to a new branch 'feature/automatic-test'
.Switched to a new branch 'feature/automatic-test'
.Switched to a new branch 'feature/automatic-test'
.Switched to a new branch 'feature/automatic-test'
.Switched to a new branch 'feature/automatic-test'
.Switched to a new branch 'feature/automatic-test'
.Switched to a new branch 'feature/automatic-test'
.Switched to a new branch 'feature/automatic-test'
.Switched to a new branch 'feature/automatic-test'
.Switched to a new branch 'feature/automatic-test'
.Switched to a new branch 'feature/automatic-test'
.Switched to a new branch 'feature/automatic-test'
.Switched to a new branch 'feature/automatic-test'
.Switched to a new branch 'feature/automatic-test'
.Switched to a new branch 'feature/automatic-test'
.Switched to a new branch 'feature/automatic-test'
.Switched to a new branch 'feature/automatic-test'
.Switched to a new branch 'feature/automatic-test'
.Switched to a new branch 'feature/automatic-test'
.Switched to a new branch 'feature/automatic-test'
.Switched to a new branch 'feature/automatic-test'
.Switched to a new branch 'feature/automatic-test'
.Switched to a new branch 'feature/automatic-test'
.Switched to a new branch 'feature/automatic-test'
.Switched to a new branch 'feature/automatic-test'
.Switched to a new branch 'feature/automatic-test'
.Switched to a new branch 'feature/automatic-test'
.Switched to a new branch 'feature/automatic-test'
.Switched to a new branch 'feature/automatic-test'
.Switched to a new branch 'feature/automatic-test'
.Switched to a new branch 'feature/automatic-test'
.Switched to a new branch 'feature/automatic-test'
.Switched to a new branch 'feature/automatic-test'
.Switched to a new branch 'feature/automatic-test'
.Switched to a new branch 'feature/automatic-test'
.Switched to a new branch 'feature/automatic-test'
.Switched to a new branch 'feature/automatic-test'
.Switched to a new branch 'feature/automatic-test'
.Switched to a new branch 'feature/automatic-test'
.Switched to a new branch 'feature/automatic-test'
.Switched to a new branch 'feature/automatic-test'
.Switched to a new branch 'feature/automatic-test'
.Switched to a new branch 'feature/automatic-test'
.Switched to a new branch 'feature/automatic-test'
.Switched to a new branch 'feature/automatic-test'
.Switched to a new branch 'feature/automatic-test'
.Switched to a new branch 'feature/automatic-test'
.Switched to a new branch 'feature/automatic-test'
.Switched to a new branch 'feature/automatic-test'
.Switched to a new branch 'feature/automatic-test'
.Switched to a new branch 'feature/automatic-test'
.Switched to a new branch 'feature/automatic-test'
.Switched to a new branch 'feature/automatic-test'
.Switched to a new branch 'feature/automatic-test'
.Switched to a new branch 'feature/automatic-test'
.Switched to a new branch 'feature/automatic-test'
.Switched to a new branch 'feature/automatic-test'
.Switched to a new branch 'feature/automatic-test'
............................................................Switched to a new branch 'feature/lanes'
....................Switched to a new branch 'feature/lanes'
...............................................
----------------------------------------------------------------------
Ran 210 tests in 529.429s

OK
