ZodError: [
  {
    "code": "invalid_value",
    "values": [
      "accepted",
      "blocked",
      "superseded",
      "pending"
    ],
    "path": [
      "reviewers",
      0,
      "status"
    ],
    "message": "Invalid option: expected one of \"accepted\"|\"blocked\"|\"superseded\"|\"pending\""
  }
]
    at validateReviewResult (file:///home/agentops/.local/state/md-manager-workflows/parallel-reviewers/parallel-reviewers-001/verification/candidate/ui/2/worktree/contracts/projects/v1.ts:264:37)
    at projectReview (file:///home/agentops/.local/state/md-manager-workflows/parallel-reviewers/parallel-reviewers-001/verification/candidate/ui/2/worktree/tests/project-workflows/fixtures.ts:956:10)
    at flatMap (file:///home/agentops/.local/state/md-manager-workflows/parallel-reviewers/parallel-reviewers-001/verification/candidate/ui/2/worktree/tests/project-workflows/fixtures.ts:1013:43)
    at Array.flatMap (<anonymous>)
    at file:///home/agentops/.local/state/md-manager-workflows/parallel-reviewers/parallel-reviewers-001/verification/candidate/ui/2/worktree/tests/project-workflows/fixtures.ts:1011:88
    at ModuleJob.run (node:internal/modules/esm/module_job:561:25)
    at processTicksAndRejections (node:internal/process/task_queues:104:5)
    at node:internal/modules/esm/loader:647:26
    at requireOrImport (/home/agentops/.local/state/md-manager-workflows/parallel-reviewers/parallel-reviewers-001/verification/candidate/ui/2/worktree/node_modules/playwright/lib/common/index.js:1081:12)
    at loadUserConfig (/home/agentops/.local/state/md-manager-workflows/parallel-reviewers/parallel-reviewers-001/verification/candidate/ui/2/worktree/node_modules/playwright/lib/common/index.js:1268:46)
    at loadConfig (/home/agentops/.local/state/md-manager-workflows/parallel-reviewers/parallel-reviewers-001/verification/candidate/ui/2/worktree/node_modules/playwright/lib/common/index.js:1275:22)
    at Object.loadConfigFromFile (/home/agentops/.local/state/md-manager-workflows/parallel-reviewers/parallel-reviewers-001/verification/candidate/ui/2/worktree/node_modules/playwright/lib/common/index.js:1490:10)
    at runTests (/home/agentops/.local/state/md-manager-workflows/parallel-reviewers/parallel-reviewers-001/verification/candidate/ui/2/worktree/node_modules/playwright/lib/cli/testActions.js:46:18)
    at _Command.<anonymous> (/home/agentops/.local/state/md-manager-workflows/parallel-reviewers/parallel-reviewers-001/verification/candidate/ui/2/worktree/node_modules/playwright/lib/program.js:55:7)
