
> md-manager@0.0.0 test:contracts
> tsx --test contracts/workflow/contract.test.ts contracts/projects/contract.test.ts

✔ project examples and generated schemas agree (50.428497ms)
✔ rejects cyclic, dangling and duplicate graph nodes (1.345861ms)
✔ rejects cross-project, cross-workflow and stale-definition run detail (3.845726ms)
✔ rejects inconsistent snapshot identity, status, graph and timestamps (2.65382ms)
✔ project identifiers are opaque keys, never filesystem paths (1.831311ms)
✔ review results: legacy findings without links, blocked verdicts, and the blocking rule (2.317224ms)
✔ review results 1.4.0: every reviewer is listed, findings are tagged by reviewer, and approval is unanimous (6.844764ms)
✔ review findings name any configured lane, multiple, none or the legacy both (2.392138ms)
✔ review results reject unknown fields, non-patch diffs, foreign lanes and links without a quote (6.650265ms)
✔ served worker results carry captured files and uncaptured reasons; results recorded without them stay valid (9.927127ms)
✔ run inputs: manual runs, absent receipts and truncated text are valid; contradictions are not (12.55565ms)
✔ all examples conform and generated JSON schemas are current (37.241566ms)
✔ rejects mismatched bases, shared worktrees, duplicate IDs and excess workers (3.49136ms)
✔ requires join evidence fields, durable output and referenced logs (3.080247ms)
✔ rejects unknown versions, fields, invalid attempts and unsafe file paths (3.741821ms)
✔ captured files: a file artifact carries a safe repo-relative path; older results without them stay valid (6.453438ms)
✔ records unsuccessful checks without pretending that worker completion is acceptance (0.740272ms)
✔ verification policy 1.2.0 declares lanes from configuration; 1.0.0 and 1.1.0 stay accepted with role-derived kinds (2.583875ms)
✔ feature file 2.0.0 declares every lane with its task file; 2.1.0 adds the reviewers and their briefs (10.468073ms)
✔ review completion 1.2.0 binds a file to one reviewer node and attributes findings to a lane id, multiple or none, never both (8.692481ms)
✔ registry-entry: the golden entry a live launch writes parses with the server registry schema (9.784726ms)
ℹ tests 21
ℹ suites 0
ℹ pass 21
ℹ fail 0
ℹ cancelled 0
ℹ skipped 0
ℹ todo 0
ℹ duration_ms 847.505293
