
> md-manager@0.0.0 test:contracts
> tsx --test contracts/workflow/contract.test.ts contracts/projects/contract.test.ts

✔ project examples and generated schemas agree (58.273759ms)
✔ rejects cyclic, dangling and duplicate graph nodes (3.12429ms)
✔ rejects cross-project, cross-workflow and stale-definition run detail (2.819161ms)
✔ rejects inconsistent snapshot identity, status, graph and timestamps (3.168851ms)
✔ project identifiers are opaque keys, never filesystem paths (2.200425ms)
✔ review results: legacy findings without links, blocked verdicts, and the blocking rule (3.784641ms)
✔ review results 1.4.0: every reviewer is listed, findings are tagged by reviewer, and approval is unanimous (11.513495ms)
✔ review findings name any configured lane, multiple, none or the legacy both (3.405726ms)
✔ review results reject unknown fields, non-patch diffs, foreign lanes and links without a quote (8.518822ms)
✔ served worker results carry captured files and uncaptured reasons; results recorded without them stay valid (14.769093ms)
✔ run inputs: manual runs, absent receipts and truncated text are valid; contradictions are not (14.688697ms)
✔ all examples conform and generated JSON schemas are current (48.957639ms)
✔ rejects mismatched bases, shared worktrees, duplicate IDs and excess workers (3.824538ms)
✔ requires join evidence fields, durable output and referenced logs (4.679043ms)
✔ rejects unknown versions, fields, invalid attempts and unsafe file paths (5.520847ms)
✔ captured files: a file artifact carries a safe repo-relative path; older results without them stay valid (6.931847ms)
✔ records unsuccessful checks without pretending that worker completion is acceptance (0.719471ms)
✔ verification policy 1.2.0 declares lanes from configuration; 1.0.0 and 1.1.0 stay accepted with role-derived kinds (3.300931ms)
✔ feature file 2.0.0 declares every lane with its task file; 2.1.0 adds the reviewers and their briefs (11.114901ms)
✔ review completion 1.2.0 binds a file to one reviewer node and attributes findings to a lane id, multiple or none, never both (8.49505ms)
ℹ tests 20
ℹ suites 0
ℹ pass 20
ℹ fail 0
ℹ cancelled 0
ℹ skipped 0
ℹ todo 0
ℹ duration_ms 1010.760646
