Switched to a new branch 'feature/automatic-test'
.Switched to a new branch 'feature/automatic-test'
.Switched to a new branch 'feature/automatic-test'
.Switched to a new branch 'feature/automatic-test'
.Switched to a new branch 'feature/automatic-test'
.Switched to a new branch 'feature/automatic-test'
.Switched to a new branch 'feature/automatic-test'
.Switched to a new branch 'feature/automatic-test'
.Switched to a new branch 'feature/automatic-test'
.Switched to a new branch 'feature/automatic-test'
..............Switched to a new branch 'feature/automatic-test'
.Switched to a new branch 'feature/automatic-test'
.Switched to a new branch 'feature/automatic-test'
.Switched to a new branch 'feature/automatic-test'
.Switched to a new branch 'feature/automatic-test'
.Switched to a new branch 'feature/automatic-test'
.Switched to a new branch 'feature/automatic-test'
.Switched to a new branch 'feature/automatic-test'
.Switched to a new branch 'feature/automatic-test'
.Switched to a new branch 'feature/automatic-test'
.Switched to a new branch 'feature/automatic-test'
.Switched to a new branch 'feature/automatic-test'
.Switched to a new branch 'feature/automatic-test'
.Switched to a new branch 'feature/automatic-test'
.Switched to a new branch 'feature/automatic-test'
.Switched to a new branch 'feature/automatic-test'
.Switched to a new branch 'feature/automatic-test'
.Switched to a new branch 'feature/automatic-test'
.Switched to a new branch 'feature/automatic-test'
.Switched to a new branch 'feature/automatic-test'
.Switched to a new branch 'feature/automatic-test'
.Switched to a new branch 'feature/automatic-test'
.Switched to a new branch 'feature/automatic-test'
.Switched to a new branch 'feature/automatic-test'
.Switched to a new branch 'feature/automatic-test'
.Switched to a new branch 'feature/automatic-test'
.Switched to a new branch 'feature/automatic-test'
.Switched to a new branch 'feature/automatic-test'
.Switched to a new branch 'feature/automatic-test'
.Switched to a new branch 'feature/automatic-test'
.Switched to a new branch 'feature/automatic-test'
.Switched to a new branch 'feature/automatic-test'
.Switched to a new branch 'feature/automatic-test'
.Switched to a new branch 'feature/automatic-test'
.Switched to a new branch 'feature/automatic-test'
.Switched to a new branch 'feature/automatic-test'
.Switched to a new branch 'feature/automatic-test'
.Switched to a new branch 'feature/automatic-test'
.Switched to a new branch 'feature/automatic-test'
.Switched to a new branch 'feature/automatic-test'
.Switched to a new branch 'feature/automatic-test'
.Switched to a new branch 'feature/automatic-test'
.Switched to a new branch 'feature/automatic-test'
.Switched to a new branch 'feature/automatic-test'
.Switched to a new branch 'feature/automatic-test'
.Switched to a new branch 'feature/automatic-test'
.Switched to a new branch 'feature/automatic-test'
.Switched to a new branch 'feature/automatic-test'
.Switched to a new branch 'feature/automatic-test'
.Switched to a new branch 'feature/automatic-test'
.Switched to a new branch 'feature/automatic-test'
.Switched to a new branch 'feature/automatic-test'
.Switched to a new branch 'feature/automatic-test'
.Switched to a new branch 'feature/automatic-test'
.Switched to a new branch 'feature/automatic-test'
.Switched to a new branch 'feature/automatic-test'
.Switched to a new branch 'feature/automatic-test'
.Switched to a new branch 'feature/automatic-test'
.Switched to a new branch 'feature/automatic-test'
.Switched to a new branch 'feature/automatic-test'
.Switched to a new branch 'feature/automatic-test'
.............................................................Switched to a new branch 'feature/lanes'
....................Switched to a new branch 'feature/lanes'
........................................
----------------------------------------------------------------------
Ran 204 tests in 551.591s

OK
