
> md-manager@0.0.0 test:contracts
> tsx --test contracts/workflow/contract.test.ts contracts/projects/contract.test.ts

node:net:2306
      const error = new UVExceptionWithHostPort(rval, 'listen', address, port);
                    ^

Error: listen EINVAL: invalid argument /home/agentops/.local/state/md-manager-workflows/project-workflows/project-workflows-001/verification/worker/adapter/1/tmpdir/tsx-1000/722433.pipe
    at Server.setupListenHandle [as _listen2] (node:net:2306:21)
    at listenInCluster (node:net:2437:12)
    at Server.listen (node:net:2579:5)
    at file:///home/agentops/.local/state/md-manager-workflows/project-workflows/project-workflows-001/verification/worker/adapter/1/worktree/node_modules/tsx/dist/cli.mjs:53:31472
    at new Promise (<anonymous>)
    at createIpcServer (file:///home/agentops/.local/state/md-manager-workflows/project-workflows/project-workflows-001/verification/worker/adapter/1/worktree/node_modules/tsx/dist/cli.mjs:53:31450)
    at async file:///home/agentops/.local/state/md-manager-workflows/project-workflows/project-workflows-001/verification/worker/adapter/1/worktree/node_modules/tsx/dist/cli.mjs:55:542 {
  code: 'EINVAL',
  errno: -22,
  syscall: 'listen',
  address: '/home/agentops/.local/state/md-manager-workflows/project-workflows/project-workflows-001/verification/worker/adapter/1/tmpdir/tsx-1000/722433.pipe',
  port: -1
}

Node.js v24.21.0
